2026-04-15T12:29:08.707-03:00  INFO 789 --- [testS3] [main] com.example.testS3.TestS3Application     : Starting TestS3Application using Java 21.0.10 with PID 789 (/home/rafael/projetos/testS3/testS3/target/classes started by root in /home/rafael/projetos/testS3/testS3)
2026-04-15T12:29:08.713-03:00 DEBUG 789 --- [testS3] [main] com.example.testS3.TestS3Application     : Running with Spring Boot v4.0.5, Spring v7.0.6
2026-04-15T12:29:08.719-03:00  INFO 789 --- [testS3] [main] com.example.testS3.TestS3Application     : No active profile set, falling back to 1 default profile: "default"
2026-04-15T12:29:09.575-03:00  INFO 789 --- [testS3] [main] .s.d.r.c.RepositoryConfigurationDelegate : Bootstrapping Spring Data JPA repositories in DEFAULT mode.
2026-04-15T12:29:09.588-03:00 DEBUG 789 --- [testS3] [main] .s.d.r.c.RepositoryConfigurationDelegate : Scanning for JPA repositories in packages com.example.testS3.
2026-04-15T12:29:09.595-03:00 DEBUG 789 --- [testS3] [main] o.s.d.r.c.RepositoryComponentProvider    : Identified candidate component class: file [/home/rafael/projetos/testS3/testS3/target/classes/com/example/testS3/repository/DocumentRepository.class]
2026-04-15T12:29:09.619-03:00  INFO 789 --- [testS3] [main] .s.d.r.c.RepositoryConfigurationDelegate : Finished Spring Data repository scanning in 29 ms. Found 1 JPA repository interface.
2026-04-15T12:29:10.126-03:00  INFO 789 --- [testS3] [main] o.s.boot.tomcat.TomcatWebServer          : Tomcat initialized with port 8080 (http)
2026-04-15T12:29:10.137-03:00  INFO 789 --- [testS3] [main] o.apache.catalina.core.StandardService   : Starting service [Tomcat]
2026-04-15T12:29:10.138-03:00  INFO 789 --- [testS3] [main] o.apache.catalina.core.StandardEngine    : Starting Servlet engine: [Apache Tomcat/11.0.20]
2026-04-15T12:29:10.184-03:00  INFO 789 --- [testS3] [main] b.w.c.s.WebApplicationContextInitializer : Root WebApplicationContext: initialization completed in 1398 ms
2026-04-15T12:29:10.437-03:00  INFO 789 --- [testS3] [main] com.zaxxer.hikari.HikariDataSource       : HikariPool-1 - Starting...
2026-04-15T12:29:10.514-03:00  INFO 789 --- [testS3] [main] com.zaxxer.hikari.pool.HikariPool        : HikariPool-1 - Added connection org.postgresql.jdbc.PgConnection@1a2773a8
2026-04-15T12:29:10.516-03:00  INFO 789 --- [testS3] [main] com.zaxxer.hikari.HikariDataSource       : HikariPool-1 - Start completed.
2026-04-15T12:29:10.542-03:00  INFO 789 --- [testS3] [main] org.flywaydb.core.FlywayExecutor         : Database: jdbc:postgresql://localhost:5432/tests3 (PostgreSQL 18.3)
2026-04-15T12:29:10.604-03:00  INFO 789 --- [testS3] [main] o.f.core.internal.command.DbValidate     : Successfully validated 1 migration (execution time 00:00.025s)
2026-04-15T12:29:10.620-03:00  INFO 789 --- [testS3] [main] o.f.core.internal.command.DbMigrate      : Current version of schema "public": 1
2026-04-15T12:29:10.622-03:00  INFO 789 --- [testS3] [main] o.f.core.internal.command.DbMigrate      : Schema "public" is up to date. No migration necessary.
2026-04-15T12:29:10.730-03:00  INFO 789 --- [testS3] [main] org.hibernate.orm.jpa                    : HHH008540: Processing PersistenceUnitInfo [name: default]
2026-04-15T12:29:10.793-03:00  INFO 789 --- [testS3] [main] org.hibernate.orm.core                   : HHH000001: Hibernate ORM core version 7.2.7.Final
2026-04-15T12:29:11.119-03:00  INFO 789 --- [testS3] [main] o.s.o.j.p.SpringPersistenceUnitInfo      : No LoadTimeWeaver setup: ignoring JPA class transformer
2026-04-15T12:29:11.186-03:00  WARN 789 --- [testS3] [main] org.hibernate.orm.deprecation            : HHH90000025: PostgreSQLDialect does not need to be specified explicitly using 'hibernate.dialect' (remove the property setting and it will be selected by default)
2026-04-15T12:29:11.197-03:00  INFO 789 --- [testS3] [main] org.hibernate.orm.connections.pooling    : HHH10001005: Database info:
	Database JDBC URL [jdbc:postgresql://localhost:5432/tests3]
	Database driver: PostgreSQL JDBC Driver
	Database dialect: PostgreSQLDialect
	Database version: 18.3
	Default catalog/schema: tests3/public
	Autocommit mode: undefined/unknown
	Isolation level: READ_COMMITTED [default READ_COMMITTED]
	JDBC fetch size: none
	Pool: DataSourceConnectionProvider
	Minimum pool size: undefined/unknown
	Maximum pool size: undefined/unknown
2026-04-15T12:29:11.819-03:00  INFO 789 --- [testS3] [main] org.hibernate.orm.core                   : HHH000489: No JTA platform available (set 'hibernate.transaction.jta.platform' to enable JTA platform integration)
2026-04-15T12:29:11.852-03:00  INFO 789 --- [testS3] [main] j.LocalContainerEntityManagerFactoryBean : Initialized JPA EntityManagerFactory for persistence unit 'default'
2026-04-15T12:29:11.898-03:00 DEBUG 789 --- [testS3] [main] .c.JpaMetamodelMappingContextFactoryBean : Initializing JpaMetamodelMappingContext…
2026-04-15T12:29:11.913-03:00 DEBUG 789 --- [testS3] [main] .c.JpaMetamodelMappingContextFactoryBean : Finished initializing JpaMetamodelMappingContext
2026-04-15T12:29:11.933-03:00  INFO 789 --- [testS3] [main] o.s.d.j.r.query.QueryEnhancerFactories   : Hibernate is in classpath; If applicable, HQL parser will be used.
2026-04-15T12:29:11.974-03:00 DEBUG 789 --- [testS3] [main] o.s.d.r.c.s.RepositoryFactorySupport     : Initializing repository instance for com.example.testS3.repository.DocumentRepository…
2026-04-15T12:29:12.024-03:00 DEBUG 789 --- [testS3] [main] o.s.d.jpa.repository.query.NamedQuery    : Looking up named query 'Document.findByS3Key'
2026-04-15T12:29:12.056-03:00 DEBUG 789 --- [testS3] [main] o.s.d.jpa.repository.query.NamedQuery    : Did not find named query Document.findByS3Key
2026-04-15T12:29:12.075-03:00 DEBUG 789 --- [testS3] [main] o.s.d.jpa.repository.query.NamedQuery    : Looking up named query 'Document.existsByS3Key'
2026-04-15T12:29:12.076-03:00 DEBUG 789 --- [testS3] [main] o.s.d.jpa.repository.query.NamedQuery    : Did not find named query Document.existsByS3Key
2026-04-15T12:29:12.079-03:00 DEBUG 789 --- [testS3] [main] o.s.d.r.c.s.RepositoryFactorySupport     : Finished creation of repository instance for com.example.testS3.repository.DocumentRepository.
2026-04-15T12:29:12.087-03:00  INFO 789 --- [testS3] [main] com.example.testS3.config.AwsS3Config    : Inicializando cliente S3 para região: sa-east-1
2026-04-15T12:29:12.088-03:00  WARN 789 --- [testS3] [main] com.example.testS3.config.AwsS3Config    : Utilizando credenciais estáticas. Em produção, use IAM Roles!
2026-04-15T12:29:12.523-03:00  INFO 789 --- [testS3] [main] com.example.testS3.config.AwsS3Config    : Cliente S3 inicializado com sucesso
2026-04-15T12:29:12.675-03:00  WARN 789 --- [testS3] [main] JpaBaseConfiguration$JpaWebConfiguration : spring.jpa.open-in-view is enabled by default. Therefore, database queries may be performed during view rendering. Explicitly configure spring.jpa.open-in-view to disable this warning
2026-04-15T12:29:13.041-03:00  INFO 789 --- [testS3] [main] o.s.boot.tomcat.TomcatWebServer          : Tomcat started on port 8080 (http) with context path '/'
2026-04-15T12:29:13.048-03:00  INFO 789 --- [testS3] [main] com.example.testS3.TestS3Application     : Started TestS3Application in 4.784 seconds (process running for 5.337)
2026-04-15T12:29:13.051-03:00  INFO 789 --- [testS3] [main] com.example.testS3.TestS3Application     : ========================================
2026-04-15T12:29:13.051-03:00  INFO 789 --- [testS3] [main] com.example.testS3.TestS3Application     : TestS3 Application iniciado com sucesso!
2026-04-15T12:29:13.051-03:00  INFO 789 --- [testS3] [main] com.example.testS3.TestS3Application     : Acesse a documentação em: http://localhost:8080/swagger-ui.html
2026-04-15T12:29:13.051-03:00  INFO 789 --- [testS3] [main] com.example.testS3.TestS3Application     : H2 Console: http://localhost:8080/h2-console
2026-04-15T12:29:13.051-03:00  INFO 789 --- [testS3] [main] com.example.testS3.TestS3Application     : ========================================
2026-04-15T12:36:30.819-03:00  INFO 789 --- [testS3] [SpringApplicationShutdownHook] o.s.boot.tomcat.GracefulShutdown         : Commencing graceful shutdown. Waiting for active requests to complete
2026-04-15T12:36:30.823-03:00  INFO 789 --- [testS3] [tomcat-shutdown] o.s.boot.tomcat.GracefulShutdown         : Graceful shutdown complete
2026-04-15T12:36:30.827-03:00  INFO 789 --- [testS3] [SpringApplicationShutdownHook] j.LocalContainerEntityManagerFactoryBean : Closing JPA EntityManagerFactory for persistence unit 'default'
2026-04-15T12:36:30.834-03:00  INFO 789 --- [testS3] [SpringApplicationShutdownHook] com.zaxxer.hikari.HikariDataSource       : HikariPool-1 - Shutdown initiated...
2026-04-15T12:36:30.839-03:00  INFO 789 --- [testS3] [SpringApplicationShutdownHook] com.zaxxer.hikari.HikariDataSource       : HikariPool-1 - Shutdown completed.
2026-04-15T12:40:22.701-03:00  INFO 1127 --- [testS3] [main] com.example.testS3.TestS3Application     : Starting TestS3Application using Java 21.0.10 with PID 1127 (/home/rafael/projetos/testS3/testS3/target/classes started by root in /home/rafael/projetos/testS3/testS3)
2026-04-15T12:40:22.703-03:00 DEBUG 1127 --- [testS3] [main] com.example.testS3.TestS3Application     : Running with Spring Boot v4.0.5, Spring v7.0.6
2026-04-15T12:40:22.704-03:00  INFO 1127 --- [testS3] [main] com.example.testS3.TestS3Application     : No active profile set, falling back to 1 default profile: "default"
2026-04-15T12:40:23.511-03:00  INFO 1127 --- [testS3] [main] .s.d.r.c.RepositoryConfigurationDelegate : Bootstrapping Spring Data JPA repositories in DEFAULT mode.
2026-04-15T12:40:23.525-03:00 DEBUG 1127 --- [testS3] [main] .s.d.r.c.RepositoryConfigurationDelegate : Scanning for JPA repositories in packages com.example.testS3.
2026-04-15T12:40:23.532-03:00 DEBUG 1127 --- [testS3] [main] o.s.d.r.c.RepositoryComponentProvider    : Identified candidate component class: file [/home/rafael/projetos/testS3/testS3/target/classes/com/example/testS3/repository/DocumentRepository.class]
2026-04-15T12:40:23.554-03:00  INFO 1127 --- [testS3] [main] .s.d.r.c.RepositoryConfigurationDelegate : Finished Spring Data repository scanning in 27 ms. Found 1 JPA repository interface.
2026-04-15T12:40:24.031-03:00  INFO 1127 --- [testS3] [main] o.s.boot.tomcat.TomcatWebServer          : Tomcat initialized with port 8080 (http)
2026-04-15T12:40:24.043-03:00  INFO 1127 --- [testS3] [main] o.apache.catalina.core.StandardService   : Starting service [Tomcat]
2026-04-15T12:40:24.044-03:00  INFO 1127 --- [testS3] [main] o.apache.catalina.core.StandardEngine    : Starting Servlet engine: [Apache Tomcat/11.0.20]
2026-04-15T12:40:24.086-03:00  INFO 1127 --- [testS3] [main] b.w.c.s.WebApplicationContextInitializer : Root WebApplicationContext: initialization completed in 1326 ms
2026-04-15T12:40:24.316-03:00  INFO 1127 --- [testS3] [main] com.zaxxer.hikari.HikariDataSource       : HikariPool-1 - Starting...
2026-04-15T12:40:24.395-03:00  INFO 1127 --- [testS3] [main] com.zaxxer.hikari.pool.HikariPool        : HikariPool-1 - Added connection org.postgresql.jdbc.PgConnection@5ac044ef
2026-04-15T12:40:24.396-03:00  INFO 1127 --- [testS3] [main] com.zaxxer.hikari.HikariDataSource       : HikariPool-1 - Start completed.
2026-04-15T12:40:24.416-03:00  INFO 1127 --- [testS3] [main] org.flywaydb.core.FlywayExecutor         : Database: jdbc:postgresql://localhost:5432/tests3 (PostgreSQL 18.3)
2026-04-15T12:40:24.453-03:00  INFO 1127 --- [testS3] [main] o.f.core.internal.command.DbValidate     : Successfully validated 1 migration (execution time 00:00.020s)
2026-04-15T12:40:24.468-03:00  INFO 1127 --- [testS3] [main] o.f.core.internal.command.DbMigrate      : Current version of schema "public": 1
2026-04-15T12:40:24.471-03:00  INFO 1127 --- [testS3] [main] o.f.core.internal.command.DbMigrate      : Schema "public" is up to date. No migration necessary.
2026-04-15T12:40:24.552-03:00  INFO 1127 --- [testS3] [main] org.hibernate.orm.jpa                    : HHH008540: Processing PersistenceUnitInfo [name: default]
2026-04-15T12:40:24.614-03:00  INFO 1127 --- [testS3] [main] org.hibernate.orm.core                   : HHH000001: Hibernate ORM core version 7.2.7.Final
2026-04-15T12:40:24.910-03:00  INFO 1127 --- [testS3] [main] o.s.o.j.p.SpringPersistenceUnitInfo      : No LoadTimeWeaver setup: ignoring JPA class transformer
2026-04-15T12:40:24.950-03:00  WARN 1127 --- [testS3] [main] org.hibernate.orm.deprecation            : HHH90000025: PostgreSQLDialect does not need to be specified explicitly using 'hibernate.dialect' (remove the property setting and it will be selected by default)
2026-04-15T12:40:24.961-03:00  INFO 1127 --- [testS3] [main] org.hibernate.orm.connections.pooling    : HHH10001005: Database info:
	Database JDBC URL [jdbc:postgresql://localhost:5432/tests3]
	Database driver: PostgreSQL JDBC Driver
	Database dialect: PostgreSQLDialect
	Database version: 18.3
	Default catalog/schema: tests3/public
	Autocommit mode: undefined/unknown
	Isolation level: READ_COMMITTED [default READ_COMMITTED]
	JDBC fetch size: none
	Pool: DataSourceConnectionProvider
	Minimum pool size: undefined/unknown
	Maximum pool size: undefined/unknown
2026-04-15T12:40:25.534-03:00  INFO 1127 --- [testS3] [main] org.hibernate.orm.core                   : HHH000489: No JTA platform available (set 'hibernate.transaction.jta.platform' to enable JTA platform integration)
2026-04-15T12:40:25.560-03:00  INFO 1127 --- [testS3] [main] j.LocalContainerEntityManagerFactoryBean : Initialized JPA EntityManagerFactory for persistence unit 'default'
2026-04-15T12:40:25.598-03:00 DEBUG 1127 --- [testS3] [main] .c.JpaMetamodelMappingContextFactoryBean : Initializing JpaMetamodelMappingContext…
2026-04-15T12:40:25.611-03:00 DEBUG 1127 --- [testS3] [main] .c.JpaMetamodelMappingContextFactoryBean : Finished initializing JpaMetamodelMappingContext
2026-04-15T12:40:25.630-03:00  INFO 1127 --- [testS3] [main] o.s.d.j.r.query.QueryEnhancerFactories   : Hibernate is in classpath; If applicable, HQL parser will be used.
2026-04-15T12:40:25.670-03:00 DEBUG 1127 --- [testS3] [main] o.s.d.r.c.s.RepositoryFactorySupport     : Initializing repository instance for com.example.testS3.repository.DocumentRepository…
2026-04-15T12:40:25.715-03:00 DEBUG 1127 --- [testS3] [main] o.s.d.jpa.repository.query.NamedQuery    : Looking up named query 'Document.findByS3Key'
2026-04-15T12:40:25.742-03:00 DEBUG 1127 --- [testS3] [main] o.s.d.jpa.repository.query.NamedQuery    : Did not find named query Document.findByS3Key
2026-04-15T12:40:25.754-03:00 DEBUG 1127 --- [testS3] [main] o.s.d.jpa.repository.query.NamedQuery    : Looking up named query 'Document.existsByS3Key'
2026-04-15T12:40:25.755-03:00 DEBUG 1127 --- [testS3] [main] o.s.d.jpa.repository.query.NamedQuery    : Did not find named query Document.existsByS3Key
2026-04-15T12:40:25.758-03:00 DEBUG 1127 --- [testS3] [main] o.s.d.r.c.s.RepositoryFactorySupport     : Finished creation of repository instance for com.example.testS3.repository.DocumentRepository.
2026-04-15T12:40:25.765-03:00  INFO 1127 --- [testS3] [main] com.example.testS3.config.AwsS3Config    : Inicializando cliente S3 para região: sa-east-1
2026-04-15T12:40:25.766-03:00  WARN 1127 --- [testS3] [main] com.example.testS3.config.AwsS3Config    : Utilizando credenciais estáticas. Em produção, use IAM Roles!
2026-04-15T12:40:26.216-03:00  INFO 1127 --- [testS3] [main] com.example.testS3.config.AwsS3Config    : Cliente S3 inicializado com sucesso
2026-04-15T12:40:26.371-03:00  WARN 1127 --- [testS3] [main] JpaBaseConfiguration$JpaWebConfiguration : spring.jpa.open-in-view is enabled by default. Therefore, database queries may be performed during view rendering. Explicitly configure spring.jpa.open-in-view to disable this warning
2026-04-15T12:40:26.770-03:00  INFO 1127 --- [testS3] [main] o.s.boot.tomcat.TomcatWebServer          : Tomcat started on port 8080 (http) with context path '/'
2026-04-15T12:40:26.781-03:00  INFO 1127 --- [testS3] [main] com.example.testS3.TestS3Application     : Started TestS3Application in 4.466 seconds (process running for 4.949)
2026-04-15T12:40:26.786-03:00  INFO 1127 --- [testS3] [main] com.example.testS3.TestS3Application     : ========================================
2026-04-15T12:40:26.786-03:00  INFO 1127 --- [testS3] [main] com.example.testS3.TestS3Application     : TestS3 Application iniciado com sucesso!
2026-04-15T12:40:26.787-03:00  INFO 1127 --- [testS3] [main] com.example.testS3.TestS3Application     : Acesse a documentação em: http://localhost:8080/swagger-ui.html
2026-04-15T12:40:26.787-03:00  INFO 1127 --- [testS3] [main] com.example.testS3.TestS3Application     : H2 Console: http://localhost:8080/h2-console
2026-04-15T12:40:26.788-03:00  INFO 1127 --- [testS3] [main] com.example.testS3.TestS3Application     : ========================================
2026-04-15T12:40:30.171-03:00  INFO 1127 --- [testS3] [http-nio-8080-exec-1] o.a.c.c.C.[Tomcat].[localhost].[/]       : Initializing Spring DispatcherServlet 'dispatcherServlet'
2026-04-15T12:40:30.172-03:00  INFO 1127 --- [testS3] [http-nio-8080-exec-1] o.s.web.servlet.DispatcherServlet        : Initializing Servlet 'dispatcherServlet'
2026-04-15T12:40:30.173-03:00  INFO 1127 --- [testS3] [http-nio-8080-exec-1] o.s.web.servlet.DispatcherServlet        : Completed initialization in 1 ms
2026-04-15T12:40:30.753-03:00  INFO 1127 --- [testS3] [http-nio-8080-exec-10] o.springdoc.api.AbstractOpenApiResource  : Init duration for springdoc-openapi is: 307 ms
2026-04-15T12:41:31.700-03:00  INFO 1127 --- [testS3] [http-nio-8080-exec-7] c.e.t.controller.DocumentController      : Recebido POST para criar documento: Meu Documento,teste1
2026-04-15T12:41:31.709-03:00  INFO 1127 --- [testS3] [http-nio-8080-exec-7] c.e.testS3.service.DocumentService       : Criando novo documento: Meu Documento,teste1
2026-04-15T12:41:31.710-03:00 DEBUG 1127 --- [testS3] [http-nio-8080-exec-7] com.example.testS3.service.S3Service     : Iniciando upload do arquivo: pecaDomino_1_1.png para S3 com chave: documents/334301f8-ebfe-46cc-abcb-1a64b1ec47eb.png
2026-04-15T12:41:32.415-03:00  INFO 1127 --- [testS3] [http-nio-8080-exec-7] com.example.testS3.service.S3Service     : Arquivo uploadado com sucesso: pecaDomino_1_1.png -> chave S3: documents/334301f8-ebfe-46cc-abcb-1a64b1ec47eb.png
2026-04-15T12:41:32.442-03:00  INFO 1127 --- [testS3] [http-nio-8080-exec-7] c.e.testS3.service.DocumentService       : Documento criado com sucesso. ID: d737ff0d-fb3c-4945-982a-69e7b2247f61, S3Key: documents/334301f8-ebfe-46cc-abcb-1a64b1ec47eb.png
2026-04-15T12:45:43.069-03:00  INFO 1127 --- [testS3] [http-nio-8080-exec-9] c.e.t.controller.DocumentController      : Recebido GET para documento: d737ff0d-fb3c-4945-982a-69e7b2247f61
2026-04-15T12:45:43.072-03:00 DEBUG 1127 --- [testS3] [http-nio-8080-exec-9] c.e.testS3.service.DocumentService       : Buscando documento com ID: d737ff0d-fb3c-4945-982a-69e7b2247f61
2026-04-15T12:46:20.840-03:00  INFO 1127 --- [testS3] [http-nio-8080-exec-8] c.e.t.controller.DocumentController      : Recebido GET para listar documentos com paginação
2026-04-15T12:46:20.841-03:00 DEBUG 1127 --- [testS3] [http-nio-8080-exec-8] c.e.testS3.service.DocumentService       : Listando documentos com paginação: Page request [number: 0, size 1, sort: ["string"]: ASC]
2026-04-15T12:46:20.886-03:00 ERROR 1127 --- [testS3] [http-nio-8080-exec-8] c.e.t.exception.GlobalExceptionHandler   : Erro inesperado: Sort expression '["string"]: ASC' must only contain property references or aliases used in the select clause; If you really want to use something other than that for sorting, please use JpaSort.unsafe(…)

org.springframework.dao.InvalidDataAccessApiUsageException: Sort expression '["string"]: ASC' must only contain property references or aliases used in the select clause; If you really want to use something other than that for sorting, please use JpaSort.unsafe(…)
	at org.springframework.data.jpa.repository.query.QueryUtils.checkSortExpression(QueryUtils.java:796) ~[spring-data-jpa-4.0.4.jar:4.0.4]
	at org.springframework.data.jpa.repository.query.QueryUtils.toJpaOrder(QueryUtils.java:754) ~[spring-data-jpa-4.0.4.jar:4.0.4]
	at org.springframework.data.jpa.repository.query.QueryUtils.toOrders(QueryUtils.java:705) ~[spring-data-jpa-4.0.4.jar:4.0.4]
	at org.springframework.data.jpa.repository.support.SimpleJpaRepository.getQuery(SimpleJpaRepository.java:867) ~[spring-data-jpa-4.0.4.jar:4.0.4]
	at org.springframework.data.jpa.repository.support.SimpleJpaRepository.getQuery(SimpleJpaRepository.java:788) ~[spring-data-jpa-4.0.4.jar:4.0.4]
	at org.springframework.data.jpa.repository.support.SimpleJpaRepository.getQuery(SimpleJpaRepository.java:756) ~[spring-data-jpa-4.0.4.jar:4.0.4]
	at org.springframework.data.jpa.repository.support.SimpleJpaRepository.findAll(SimpleJpaRepository.java:478) ~[spring-data-jpa-4.0.4.jar:4.0.4]
	at org.springframework.data.jpa.repository.support.SimpleJpaRepository.findAll(SimpleJpaRepository.java:469) ~[spring-data-jpa-4.0.4.jar:4.0.4]
	at org.springframework.data.jpa.repository.support.SimpleJpaRepository.findAll(SimpleJpaRepository.java:454) ~[spring-data-jpa-4.0.4.jar:4.0.4]
	at java.base/jdk.internal.reflect.DirectMethodHandleAccessor.invoke(DirectMethodHandleAccessor.java:103) ~[na:na]
	at java.base/java.lang.reflect.Method.invoke(Method.java:580) ~[na:na]
	at org.springframework.aop.support.AopUtils.invokeJoinpointUsingReflection(AopUtils.java:359) ~[spring-aop-7.0.6.jar:7.0.6]
	at org.springframework.data.repository.core.support.RepositoryMethodInvoker$RepositoryFragmentMethodInvoker.lambda$new$0(RepositoryMethodInvoker.java:278) ~[spring-data-commons-4.0.4.jar:4.0.4]
	at org.springframework.data.repository.core.support.RepositoryMethodInvoker.doInvoke(RepositoryMethodInvoker.java:169) ~[spring-data-commons-4.0.4.jar:4.0.4]
	at org.springframework.data.repository.core.support.RepositoryMethodInvoker.invoke(RepositoryMethodInvoker.java:158) ~[spring-data-commons-4.0.4.jar:4.0.4]
	at org.springframework.data.repository.core.support.RepositoryComposition$RepositoryFragments.invoke(RepositoryComposition.java:545) ~[spring-data-commons-4.0.4.jar:4.0.4]
	at org.springframework.data.repository.core.support.RepositoryComposition.invoke(RepositoryComposition.java:290) ~[spring-data-commons-4.0.4.jar:4.0.4]
	at org.springframework.data.repository.core.support.RepositoryFactorySupport$ImplementationMethodExecutionInterceptor.invoke(RepositoryFactorySupport.java:690) ~[spring-data-commons-4.0.4.jar:4.0.4]
	at org.springframework.aop.framework.ReflectiveMethodInvocation.proceed(ReflectiveMethodInvocation.java:179) ~[spring-aop-7.0.6.jar:7.0.6]
	at org.springframework.data.repository.core.support.QueryExecutorMethodInterceptor.doInvoke(QueryExecutorMethodInterceptor.java:171) ~[spring-data-commons-4.0.4.jar:4.0.4]
	at org.springframework.data.repository.core.support.QueryExecutorMethodInterceptor.invoke(QueryExecutorMethodInterceptor.java:146) ~[spring-data-commons-4.0.4.jar:4.0.4]
	at org.springframework.aop.framework.ReflectiveMethodInvocation.proceed(ReflectiveMethodInvocation.java:179) ~[spring-aop-7.0.6.jar:7.0.6]
	at org.springframework.data.projection.DefaultMethodInvokingMethodInterceptor.invoke(DefaultMethodInvokingMethodInterceptor.java:69) ~[spring-data-commons-4.0.4.jar:4.0.4]
	at org.springframework.aop.framework.ReflectiveMethodInvocation.proceed(ReflectiveMethodInvocation.java:179) ~[spring-aop-7.0.6.jar:7.0.6]
	at org.springframework.transaction.interceptor.TransactionInterceptor$1.proceedWithInvocation(TransactionInterceptor.java:133) ~[spring-tx-7.0.6.jar:7.0.6]
	at org.springframework.transaction.interceptor.TransactionAspectSupport.invokeWithinTransaction(TransactionAspectSupport.java:371) ~[spring-tx-7.0.6.jar:7.0.6]
	at org.springframework.transaction.interceptor.TransactionInterceptor.invoke(TransactionInterceptor.java:130) ~[spring-tx-7.0.6.jar:7.0.6]
	at org.springframework.aop.framework.ReflectiveMethodInvocation.proceed(ReflectiveMethodInvocation.java:179) ~[spring-aop-7.0.6.jar:7.0.6]
	at org.springframework.dao.support.PersistenceExceptionTranslationInterceptor.invoke(PersistenceExceptionTranslationInterceptor.java:135) ~[spring-tx-7.0.6.jar:7.0.6]
	at org.springframework.aop.framework.ReflectiveMethodInvocation.proceed(ReflectiveMethodInvocation.java:179) ~[spring-aop-7.0.6.jar:7.0.6]
	at org.springframework.data.jpa.repository.support.CrudMethodMetadataPostProcessor$CrudMethodMetadataPopulatingMethodInterceptor.invoke(CrudMethodMetadataPostProcessor.java:166) ~[spring-data-jpa-4.0.4.jar:4.0.4]
	at org.springframework.aop.framework.ReflectiveMethodInvocation.proceed(ReflectiveMethodInvocation.java:179) ~[spring-aop-7.0.6.jar:7.0.6]
	at org.springframework.aop.framework.JdkDynamicAopProxy.invoke(JdkDynamicAopProxy.java:222) ~[spring-aop-7.0.6.jar:7.0.6]
	at jdk.proxy2/jdk.proxy2.$Proxy155.findAll(Unknown Source) ~[na:na]
	at com.example.testS3.service.DocumentService.getAllDocuments(DocumentService.java:113) ~[classes/:na]
	at java.base/jdk.internal.reflect.DirectMethodHandleAccessor.invoke(DirectMethodHandleAccessor.java:103) ~[na:na]
	at java.base/java.lang.reflect.Method.invoke(Method.java:580) ~[na:na]
	at org.springframework.aop.support.AopUtils.invokeJoinpointUsingReflection(AopUtils.java:359) ~[spring-aop-7.0.6.jar:7.0.6]
	at org.springframework.aop.framework.ReflectiveMethodInvocation.invokeJoinpoint(ReflectiveMethodInvocation.java:190) ~[spring-aop-7.0.6.jar:7.0.6]
	at org.springframework.aop.framework.ReflectiveMethodInvocation.proceed(ReflectiveMethodInvocation.java:158) ~[spring-aop-7.0.6.jar:7.0.6]
	at org.springframework.transaction.interceptor.TransactionInterceptor$1.proceedWithInvocation(TransactionInterceptor.java:133) ~[spring-tx-7.0.6.jar:7.0.6]
	at org.springframework.transaction.interceptor.TransactionAspectSupport.invokeWithinTransaction(TransactionAspectSupport.java:371) ~[spring-tx-7.0.6.jar:7.0.6]
	at org.springframework.transaction.interceptor.TransactionInterceptor.invoke(TransactionInterceptor.java:130) ~[spring-tx-7.0.6.jar:7.0.6]
	at org.springframework.aop.framework.ReflectiveMethodInvocation.proceed(ReflectiveMethodInvocation.java:179) ~[spring-aop-7.0.6.jar:7.0.6]
	at org.springframework.aop.framework.CglibAopProxy$DynamicAdvisedInterceptor.intercept(CglibAopProxy.java:719) ~[spring-aop-7.0.6.jar:7.0.6]
	at com.example.testS3.service.DocumentService$$SpringCGLIB$$0.getAllDocuments(<generated>) ~[classes/:na]
	at com.example.testS3.controller.DocumentController.getAllDocuments(DocumentController.java:69) ~[classes/:na]
	at java.base/jdk.internal.reflect.DirectMethodHandleAccessor.invoke(DirectMethodHandleAccessor.java:103) ~[na:na]
	at java.base/java.lang.reflect.Method.invoke(Method.java:580) ~[na:na]
	at org.springframework.web.method.support.InvocableHandlerMethod.doInvoke(InvocableHandlerMethod.java:252) ~[spring-web-7.0.6.jar:7.0.6]
	at org.springframework.web.method.support.InvocableHandlerMethod.invokeForRequest(InvocableHandlerMethod.java:184) ~[spring-web-7.0.6.jar:7.0.6]
	at org.springframework.web.servlet.mvc.method.annotation.ServletInvocableHandlerMethod.invokeAndHandle(ServletInvocableHandlerMethod.java:117) ~[spring-webmvc-7.0.6.jar:7.0.6]
	at org.springframework.web.servlet.mvc.method.annotation.RequestMappingHandlerAdapter.invokeHandlerMethod(RequestMappingHandlerAdapter.java:934) ~[spring-webmvc-7.0.6.jar:7.0.6]
	at org.springframework.web.servlet.mvc.method.annotation.RequestMappingHandlerAdapter.handleInternal(RequestMappingHandlerAdapter.java:853) ~[spring-webmvc-7.0.6.jar:7.0.6]
	at org.springframework.web.servlet.mvc.method.AbstractHandlerMethodAdapter.handle(AbstractHandlerMethodAdapter.java:86) ~[spring-webmvc-7.0.6.jar:7.0.6]
	at org.springframework.web.servlet.DispatcherServlet.doDispatch(DispatcherServlet.java:963) ~[spring-webmvc-7.0.6.jar:7.0.6]
	at org.springframework.web.servlet.DispatcherServlet.doService(DispatcherServlet.java:866) ~[spring-webmvc-7.0.6.jar:7.0.6]
	at org.springframework.web.servlet.FrameworkServlet.processRequest(FrameworkServlet.java:1000) ~[spring-webmvc-7.0.6.jar:7.0.6]
	at org.springframework.web.servlet.FrameworkServlet.doGet(FrameworkServlet.java:892) ~[spring-webmvc-7.0.6.jar:7.0.6]
	at jakarta.servlet.http.HttpServlet.service(HttpServlet.java:622) ~[tomcat-embed-core-11.0.20.jar:6.1]
	at org.springframework.web.servlet.FrameworkServlet.service(FrameworkServlet.java:874) ~[spring-webmvc-7.0.6.jar:7.0.6]
	at jakarta.servlet.http.HttpServlet.service(HttpServlet.java:710) ~[tomcat-embed-core-11.0.20.jar:6.1]
	at org.apache.catalina.core.ApplicationFilterChain.doFilter(ApplicationFilterChain.java:128) ~[tomcat-embed-core-11.0.20.jar:11.0.20]
	at org.apache.tomcat.websocket.server.WsFilter.doFilter(WsFilter.java:53) ~[tomcat-embed-websocket-11.0.20.jar:11.0.20]
	at org.apache.catalina.core.ApplicationFilterChain.doFilter(ApplicationFilterChain.java:107) ~[tomcat-embed-core-11.0.20.jar:11.0.20]
	at org.springframework.web.filter.RequestContextFilter.doFilterInternal(RequestContextFilter.java:100) ~[spring-web-7.0.6.jar:7.0.6]
	at org.springframework.web.filter.OncePerRequestFilter.doFilter(OncePerRequestFilter.java:116) ~[spring-web-7.0.6.jar:7.0.6]
	at org.apache.catalina.core.ApplicationFilterChain.doFilter(ApplicationFilterChain.java:107) ~[tomcat-embed-core-11.0.20.jar:11.0.20]
	at org.springframework.web.filter.FormContentFilter.doFilterInternal(FormContentFilter.java:93) ~[spring-web-7.0.6.jar:7.0.6]
	at org.springframework.web.filter.OncePerRequestFilter.doFilter(OncePerRequestFilter.java:116) ~[spring-web-7.0.6.jar:7.0.6]
	at org.apache.catalina.core.ApplicationFilterChain.doFilter(ApplicationFilterChain.java:107) ~[tomcat-embed-core-11.0.20.jar:11.0.20]
	at org.springframework.web.filter.CharacterEncodingFilter.doFilterInternal(CharacterEncodingFilter.java:199) ~[spring-web-7.0.6.jar:7.0.6]
	at org.springframework.web.filter.OncePerRequestFilter.doFilter(OncePerRequestFilter.java:116) ~[spring-web-7.0.6.jar:7.0.6]
	at org.apache.catalina.core.ApplicationFilterChain.doFilter(ApplicationFilterChain.java:107) ~[tomcat-embed-core-11.0.20.jar:11.0.20]
	at org.apache.catalina.core.StandardWrapperValve.invoke(StandardWrapperValve.java:165) ~[tomcat-embed-core-11.0.20.jar:11.0.20]
	at org.apache.catalina.core.StandardContextValve.invoke(StandardContextValve.java:77) ~[tomcat-embed-core-11.0.20.jar:11.0.20]
	at org.apache.catalina.authenticator.AuthenticatorBase.invoke(AuthenticatorBase.java:492) ~[tomcat-embed-core-11.0.20.jar:11.0.20]
	at org.apache.catalina.core.StandardHostValve.invoke(StandardHostValve.java:113) ~[tomcat-embed-core-11.0.20.jar:11.0.20]
	at org.apache.catalina.valves.ErrorReportValve.invoke(ErrorReportValve.java:83) ~[tomcat-embed-core-11.0.20.jar:11.0.20]
	at org.apache.catalina.core.StandardEngineValve.invoke(StandardEngineValve.java:72) ~[tomcat-embed-core-11.0.20.jar:11.0.20]
	at org.apache.catalina.connector.CoyoteAdapter.service(CoyoteAdapter.java:341) ~[tomcat-embed-core-11.0.20.jar:11.0.20]
	at org.apache.coyote.http11.Http11Processor.service(Http11Processor.java:397) ~[tomcat-embed-core-11.0.20.jar:11.0.20]
	at org.apache.coyote.AbstractProcessorLight.process(AbstractProcessorLight.java:63) ~[tomcat-embed-core-11.0.20.jar:11.0.20]
	at org.apache.coyote.AbstractProtocol$ConnectionHandler.process(AbstractProtocol.java:903) ~[tomcat-embed-core-11.0.20.jar:11.0.20]
	at org.apache.tomcat.util.net.NioEndpoint$SocketProcessor.doRun(NioEndpoint.java:1779) ~[tomcat-embed-core-11.0.20.jar:11.0.20]
	at org.apache.tomcat.util.net.SocketProcessorBase.run(SocketProcessorBase.java:52) ~[tomcat-embed-core-11.0.20.jar:11.0.20]
	at org.apache.tomcat.util.threads.ThreadPoolExecutor.runWorker(ThreadPoolExecutor.java:946) ~[tomcat-embed-core-11.0.20.jar:11.0.20]
	at org.apache.tomcat.util.threads.ThreadPoolExecutor$Worker.run(ThreadPoolExecutor.java:480) ~[tomcat-embed-core-11.0.20.jar:11.0.20]
	at org.apache.tomcat.util.threads.TaskThread$WrappingRunnable.run(TaskThread.java:57) ~[tomcat-embed-core-11.0.20.jar:11.0.20]
	at java.base/java.lang.Thread.run(Thread.java:1583) ~[na:na]

2026-04-15T12:46:41.185-03:00  INFO 1127 --- [testS3] [http-nio-8080-exec-10] c.e.t.controller.DocumentController      : Recebido GET para listar documentos com paginação
2026-04-15T12:46:41.186-03:00 DEBUG 1127 --- [testS3] [http-nio-8080-exec-10] c.e.testS3.service.DocumentService       : Listando documentos com paginação: Page request [number: 0, size 1, sort: ["string"]: ASC]
2026-04-15T12:46:41.187-03:00 ERROR 1127 --- [testS3] [http-nio-8080-exec-10] c.e.t.exception.GlobalExceptionHandler   : Erro inesperado: Sort expression '["string"]: ASC' must only contain property references or aliases used in the select clause; If you really want to use something other than that for sorting, please use JpaSort.unsafe(…)

org.springframework.dao.InvalidDataAccessApiUsageException: Sort expression '["string"]: ASC' must only contain property references or aliases used in the select clause; If you really want to use something other than that for sorting, please use JpaSort.unsafe(…)
	at org.springframework.data.jpa.repository.query.QueryUtils.checkSortExpression(QueryUtils.java:796) ~[spring-data-jpa-4.0.4.jar:4.0.4]
	at org.springframework.data.jpa.repository.query.QueryUtils.toJpaOrder(QueryUtils.java:754) ~[spring-data-jpa-4.0.4.jar:4.0.4]
	at org.springframework.data.jpa.repository.query.QueryUtils.toOrders(QueryUtils.java:705) ~[spring-data-jpa-4.0.4.jar:4.0.4]
	at org.springframework.data.jpa.repository.support.SimpleJpaRepository.getQuery(SimpleJpaRepository.java:867) ~[spring-data-jpa-4.0.4.jar:4.0.4]
	at org.springframework.data.jpa.repository.support.SimpleJpaRepository.getQuery(SimpleJpaRepository.java:788) ~[spring-data-jpa-4.0.4.jar:4.0.4]
	at org.springframework.data.jpa.repository.support.SimpleJpaRepository.getQuery(SimpleJpaRepository.java:756) ~[spring-data-jpa-4.0.4.jar:4.0.4]
	at org.springframework.data.jpa.repository.support.SimpleJpaRepository.findAll(SimpleJpaRepository.java:478) ~[spring-data-jpa-4.0.4.jar:4.0.4]
	at org.springframework.data.jpa.repository.support.SimpleJpaRepository.findAll(SimpleJpaRepository.java:469) ~[spring-data-jpa-4.0.4.jar:4.0.4]
	at org.springframework.data.jpa.repository.support.SimpleJpaRepository.findAll(SimpleJpaRepository.java:454) ~[spring-data-jpa-4.0.4.jar:4.0.4]
	at java.base/jdk.internal.reflect.DirectMethodHandleAccessor.invoke(DirectMethodHandleAccessor.java:103) ~[na:na]
	at java.base/java.lang.reflect.Method.invoke(Method.java:580) ~[na:na]
	at org.springframework.aop.support.AopUtils.invokeJoinpointUsingReflection(AopUtils.java:359) ~[spring-aop-7.0.6.jar:7.0.6]
	at org.springframework.data.repository.core.support.RepositoryMethodInvoker$RepositoryFragmentMethodInvoker.lambda$new$0(RepositoryMethodInvoker.java:278) ~[spring-data-commons-4.0.4.jar:4.0.4]
	at org.springframework.data.repository.core.support.RepositoryMethodInvoker.doInvoke(RepositoryMethodInvoker.java:169) ~[spring-data-commons-4.0.4.jar:4.0.4]
	at org.springframework.data.repository.core.support.RepositoryMethodInvoker.invoke(RepositoryMethodInvoker.java:158) ~[spring-data-commons-4.0.4.jar:4.0.4]
	at org.springframework.data.repository.core.support.RepositoryComposition$RepositoryFragments.invoke(RepositoryComposition.java:545) ~[spring-data-commons-4.0.4.jar:4.0.4]
	at org.springframework.data.repository.core.support.RepositoryComposition.invoke(RepositoryComposition.java:290) ~[spring-data-commons-4.0.4.jar:4.0.4]
	at org.springframework.data.repository.core.support.RepositoryFactorySupport$ImplementationMethodExecutionInterceptor.invoke(RepositoryFactorySupport.java:690) ~[spring-data-commons-4.0.4.jar:4.0.4]
	at org.springframework.aop.framework.ReflectiveMethodInvocation.proceed(ReflectiveMethodInvocation.java:179) ~[spring-aop-7.0.6.jar:7.0.6]
	at org.springframework.data.repository.core.support.QueryExecutorMethodInterceptor.doInvoke(QueryExecutorMethodInterceptor.java:171) ~[spring-data-commons-4.0.4.jar:4.0.4]
	at org.springframework.data.repository.core.support.QueryExecutorMethodInterceptor.invoke(QueryExecutorMethodInterceptor.java:146) ~[spring-data-commons-4.0.4.jar:4.0.4]
	at org.springframework.aop.framework.ReflectiveMethodInvocation.proceed(ReflectiveMethodInvocation.java:179) ~[spring-aop-7.0.6.jar:7.0.6]
	at org.springframework.data.projection.DefaultMethodInvokingMethodInterceptor.invoke(DefaultMethodInvokingMethodInterceptor.java:69) ~[spring-data-commons-4.0.4.jar:4.0.4]
	at org.springframework.aop.framework.ReflectiveMethodInvocation.proceed(ReflectiveMethodInvocation.java:179) ~[spring-aop-7.0.6.jar:7.0.6]
	at org.springframework.transaction.interceptor.TransactionInterceptor$1.proceedWithInvocation(TransactionInterceptor.java:133) ~[spring-tx-7.0.6.jar:7.0.6]
	at org.springframework.transaction.interceptor.TransactionAspectSupport.invokeWithinTransaction(TransactionAspectSupport.java:371) ~[spring-tx-7.0.6.jar:7.0.6]
	at org.springframework.transaction.interceptor.TransactionInterceptor.invoke(TransactionInterceptor.java:130) ~[spring-tx-7.0.6.jar:7.0.6]
	at org.springframework.aop.framework.ReflectiveMethodInvocation.proceed(ReflectiveMethodInvocation.java:179) ~[spring-aop-7.0.6.jar:7.0.6]
	at org.springframework.dao.support.PersistenceExceptionTranslationInterceptor.invoke(PersistenceExceptionTranslationInterceptor.java:135) ~[spring-tx-7.0.6.jar:7.0.6]
	at org.springframework.aop.framework.ReflectiveMethodInvocation.proceed(ReflectiveMethodInvocation.java:179) ~[spring-aop-7.0.6.jar:7.0.6]
	at org.springframework.data.jpa.repository.support.CrudMethodMetadataPostProcessor$CrudMethodMetadataPopulatingMethodInterceptor.invoke(CrudMethodMetadataPostProcessor.java:166) ~[spring-data-jpa-4.0.4.jar:4.0.4]
	at org.springframework.aop.framework.ReflectiveMethodInvocation.proceed(ReflectiveMethodInvocation.java:179) ~[spring-aop-7.0.6.jar:7.0.6]
	at org.springframework.aop.framework.JdkDynamicAopProxy.invoke(JdkDynamicAopProxy.java:222) ~[spring-aop-7.0.6.jar:7.0.6]
	at jdk.proxy2/jdk.proxy2.$Proxy155.findAll(Unknown Source) ~[na:na]
	at com.example.testS3.service.DocumentService.getAllDocuments(DocumentService.java:113) ~[classes/:na]
	at java.base/jdk.internal.reflect.DirectMethodHandleAccessor.invoke(DirectMethodHandleAccessor.java:103) ~[na:na]
	at java.base/java.lang.reflect.Method.invoke(Method.java:580) ~[na:na]
	at org.springframework.aop.support.AopUtils.invokeJoinpointUsingReflection(AopUtils.java:359) ~[spring-aop-7.0.6.jar:7.0.6]
	at org.springframework.aop.framework.ReflectiveMethodInvocation.invokeJoinpoint(ReflectiveMethodInvocation.java:190) ~[spring-aop-7.0.6.jar:7.0.6]
	at org.springframework.aop.framework.ReflectiveMethodInvocation.proceed(ReflectiveMethodInvocation.java:158) ~[spring-aop-7.0.6.jar:7.0.6]
	at org.springframework.transaction.interceptor.TransactionInterceptor$1.proceedWithInvocation(TransactionInterceptor.java:133) ~[spring-tx-7.0.6.jar:7.0.6]
	at org.springframework.transaction.interceptor.TransactionAspectSupport.invokeWithinTransaction(TransactionAspectSupport.java:371) ~[spring-tx-7.0.6.jar:7.0.6]
	at org.springframework.transaction.interceptor.TransactionInterceptor.invoke(TransactionInterceptor.java:130) ~[spring-tx-7.0.6.jar:7.0.6]
	at org.springframework.aop.framework.ReflectiveMethodInvocation.proceed(ReflectiveMethodInvocation.java:179) ~[spring-aop-7.0.6.jar:7.0.6]
	at org.springframework.aop.framework.CglibAopProxy$DynamicAdvisedInterceptor.intercept(CglibAopProxy.java:719) ~[spring-aop-7.0.6.jar:7.0.6]
	at com.example.testS3.service.DocumentService$$SpringCGLIB$$0.getAllDocuments(<generated>) ~[classes/:na]
	at com.example.testS3.controller.DocumentController.getAllDocuments(DocumentController.java:69) ~[classes/:na]
	at java.base/jdk.internal.reflect.DirectMethodHandleAccessor.invoke(DirectMethodHandleAccessor.java:103) ~[na:na]
	at java.base/java.lang.reflect.Method.invoke(Method.java:580) ~[na:na]
	at org.springframework.web.method.support.InvocableHandlerMethod.doInvoke(InvocableHandlerMethod.java:252) ~[spring-web-7.0.6.jar:7.0.6]
	at org.springframework.web.method.support.InvocableHandlerMethod.invokeForRequest(InvocableHandlerMethod.java:184) ~[spring-web-7.0.6.jar:7.0.6]
	at org.springframework.web.servlet.mvc.method.annotation.ServletInvocableHandlerMethod.invokeAndHandle(ServletInvocableHandlerMethod.java:117) ~[spring-webmvc-7.0.6.jar:7.0.6]
	at org.springframework.web.servlet.mvc.method.annotation.RequestMappingHandlerAdapter.invokeHandlerMethod(RequestMappingHandlerAdapter.java:934) ~[spring-webmvc-7.0.6.jar:7.0.6]
	at org.springframework.web.servlet.mvc.method.annotation.RequestMappingHandlerAdapter.handleInternal(RequestMappingHandlerAdapter.java:853) ~[spring-webmvc-7.0.6.jar:7.0.6]
	at org.springframework.web.servlet.mvc.method.AbstractHandlerMethodAdapter.handle(AbstractHandlerMethodAdapter.java:86) ~[spring-webmvc-7.0.6.jar:7.0.6]
	at org.springframework.web.servlet.DispatcherServlet.doDispatch(DispatcherServlet.java:963) ~[spring-webmvc-7.0.6.jar:7.0.6]
	at org.springframework.web.servlet.DispatcherServlet.doService(DispatcherServlet.java:866) ~[spring-webmvc-7.0.6.jar:7.0.6]
	at org.springframework.web.servlet.FrameworkServlet.processRequest(FrameworkServlet.java:1000) ~[spring-webmvc-7.0.6.jar:7.0.6]
	at org.springframework.web.servlet.FrameworkServlet.doGet(FrameworkServlet.java:892) ~[spring-webmvc-7.0.6.jar:7.0.6]
	at jakarta.servlet.http.HttpServlet.service(HttpServlet.java:622) ~[tomcat-embed-core-11.0.20.jar:6.1]
	at org.springframework.web.servlet.FrameworkServlet.service(FrameworkServlet.java:874) ~[spring-webmvc-7.0.6.jar:7.0.6]
	at jakarta.servlet.http.HttpServlet.service(HttpServlet.java:710) ~[tomcat-embed-core-11.0.20.jar:6.1]
	at org.apache.catalina.core.ApplicationFilterChain.doFilter(ApplicationFilterChain.java:128) ~[tomcat-embed-core-11.0.20.jar:11.0.20]
	at org.apache.tomcat.websocket.server.WsFilter.doFilter(WsFilter.java:53) ~[tomcat-embed-websocket-11.0.20.jar:11.0.20]
	at org.apache.catalina.core.ApplicationFilterChain.doFilter(ApplicationFilterChain.java:107) ~[tomcat-embed-core-11.0.20.jar:11.0.20]
	at org.springframework.web.filter.RequestContextFilter.doFilterInternal(RequestContextFilter.java:100) ~[spring-web-7.0.6.jar:7.0.6]
	at org.springframework.web.filter.OncePerRequestFilter.doFilter(OncePerRequestFilter.java:116) ~[spring-web-7.0.6.jar:7.0.6]
	at org.apache.catalina.core.ApplicationFilterChain.doFilter(ApplicationFilterChain.java:107) ~[tomcat-embed-core-11.0.20.jar:11.0.20]
	at org.springframework.web.filter.FormContentFilter.doFilterInternal(FormContentFilter.java:93) ~[spring-web-7.0.6.jar:7.0.6]
	at org.springframework.web.filter.OncePerRequestFilter.doFilter(OncePerRequestFilter.java:116) ~[spring-web-7.0.6.jar:7.0.6]
	at org.apache.catalina.core.ApplicationFilterChain.doFilter(ApplicationFilterChain.java:107) ~[tomcat-embed-core-11.0.20.jar:11.0.20]
	at org.springframework.web.filter.CharacterEncodingFilter.doFilterInternal(CharacterEncodingFilter.java:199) ~[spring-web-7.0.6.jar:7.0.6]
	at org.springframework.web.filter.OncePerRequestFilter.doFilter(OncePerRequestFilter.java:116) ~[spring-web-7.0.6.jar:7.0.6]
	at org.apache.catalina.core.ApplicationFilterChain.doFilter(ApplicationFilterChain.java:107) ~[tomcat-embed-core-11.0.20.jar:11.0.20]
	at org.apache.catalina.core.StandardWrapperValve.invoke(StandardWrapperValve.java:165) ~[tomcat-embed-core-11.0.20.jar:11.0.20]
	at org.apache.catalina.core.StandardContextValve.invoke(StandardContextValve.java:77) ~[tomcat-embed-core-11.0.20.jar:11.0.20]
	at org.apache.catalina.authenticator.AuthenticatorBase.invoke(AuthenticatorBase.java:492) ~[tomcat-embed-core-11.0.20.jar:11.0.20]
	at org.apache.catalina.core.StandardHostValve.invoke(StandardHostValve.java:113) ~[tomcat-embed-core-11.0.20.jar:11.0.20]
	at org.apache.catalina.valves.ErrorReportValve.invoke(ErrorReportValve.java:83) ~[tomcat-embed-core-11.0.20.jar:11.0.20]
	at org.apache.catalina.core.StandardEngineValve.invoke(StandardEngineValve.java:72) ~[tomcat-embed-core-11.0.20.jar:11.0.20]
	at org.apache.catalina.connector.CoyoteAdapter.service(CoyoteAdapter.java:341) ~[tomcat-embed-core-11.0.20.jar:11.0.20]
	at org.apache.coyote.http11.Http11Processor.service(Http11Processor.java:397) ~[tomcat-embed-core-11.0.20.jar:11.0.20]
	at org.apache.coyote.AbstractProcessorLight.process(AbstractProcessorLight.java:63) ~[tomcat-embed-core-11.0.20.jar:11.0.20]
	at org.apache.coyote.AbstractProtocol$ConnectionHandler.process(AbstractProtocol.java:903) ~[tomcat-embed-core-11.0.20.jar:11.0.20]
	at org.apache.tomcat.util.net.NioEndpoint$SocketProcessor.doRun(NioEndpoint.java:1779) ~[tomcat-embed-core-11.0.20.jar:11.0.20]
	at org.apache.tomcat.util.net.SocketProcessorBase.run(SocketProcessorBase.java:52) ~[tomcat-embed-core-11.0.20.jar:11.0.20]
	at org.apache.tomcat.util.threads.ThreadPoolExecutor.runWorker(ThreadPoolExecutor.java:946) ~[tomcat-embed-core-11.0.20.jar:11.0.20]
	at org.apache.tomcat.util.threads.ThreadPoolExecutor$Worker.run(ThreadPoolExecutor.java:480) ~[tomcat-embed-core-11.0.20.jar:11.0.20]
	at org.apache.tomcat.util.threads.TaskThread$WrappingRunnable.run(TaskThread.java:57) ~[tomcat-embed-core-11.0.20.jar:11.0.20]
	at java.base/java.lang.Thread.run(Thread.java:1583) ~[na:na]

2026-04-15T12:46:51.868-03:00  INFO 1127 --- [testS3] [http-nio-8080-exec-4] c.e.t.controller.DocumentController      : Recebido GET para listar todos os documentos
2026-04-15T12:46:51.869-03:00 DEBUG 1127 --- [testS3] [http-nio-8080-exec-4] c.e.testS3.service.DocumentService       : Listando todos os documentos
2026-04-15T12:47:38.312-03:00  INFO 1127 --- [testS3] [http-nio-8080-exec-6] c.e.t.controller.DocumentController      : Recebido GET para fazer download do documento: d737ff0d-fb3c-4945-982a-69e7b2247f61
2026-04-15T12:47:38.313-03:00 DEBUG 1127 --- [testS3] [http-nio-8080-exec-6] c.e.testS3.service.DocumentService       : Buscando documento com ID: d737ff0d-fb3c-4945-982a-69e7b2247f61
2026-04-15T12:47:38.315-03:00 DEBUG 1127 --- [testS3] [http-nio-8080-exec-6] c.e.testS3.service.DocumentService       : Fazendo download do arquivo do documento com ID: d737ff0d-fb3c-4945-982a-69e7b2247f61
2026-04-15T12:47:38.320-03:00 DEBUG 1127 --- [testS3] [http-nio-8080-exec-6] com.example.testS3.service.S3Service     : Iniciando download do arquivo: documents/334301f8-ebfe-46cc-abcb-1a64b1ec47eb.png
2026-04-15T12:47:38.645-03:00  INFO 1127 --- [testS3] [http-nio-8080-exec-6] com.example.testS3.service.S3Service     : Arquivo baixado com sucesso: documents/334301f8-ebfe-46cc-abcb-1a64b1ec47eb.png
2026-04-15T13:01:57.824-03:00  INFO 1127 --- [testS3] [SpringApplicationShutdownHook] o.s.boot.tomcat.GracefulShutdown         : Commencing graceful shutdown. Waiting for active requests to complete
2026-04-15T13:01:57.827-03:00  INFO 1127 --- [testS3] [tomcat-shutdown] o.s.boot.tomcat.GracefulShutdown         : Graceful shutdown complete
2026-04-15T13:01:57.833-03:00  INFO 1127 --- [testS3] [SpringApplicationShutdownHook] j.LocalContainerEntityManagerFactoryBean : Closing JPA EntityManagerFactory for persistence unit 'default'
2026-04-15T13:01:57.836-03:00  INFO 1127 --- [testS3] [SpringApplicationShutdownHook] com.zaxxer.hikari.HikariDataSource       : HikariPool-1 - Shutdown initiated...
2026-04-15T13:01:57.839-03:00  INFO 1127 --- [testS3] [SpringApplicationShutdownHook] com.zaxxer.hikari.HikariDataSource       : HikariPool-1 - Shutdown completed.
2026-04-15T13:06:01.321-03:00  INFO 2518 --- [testS3] [main] com.example.testS3.TestS3Application     : Starting TestS3Application using Java 21.0.10 with PID 2518 (/home/rafael/projetos/testS3/testS3/target/classes started by root in /home/rafael/projetos/testS3/testS3)
2026-04-15T13:06:01.323-03:00 DEBUG 2518 --- [testS3] [main] com.example.testS3.TestS3Application     : Running with Spring Boot v4.0.5, Spring v7.0.6
2026-04-15T13:06:01.324-03:00  INFO 2518 --- [testS3] [main] com.example.testS3.TestS3Application     : No active profile set, falling back to 1 default profile: "default"
2026-04-15T13:06:02.161-03:00  INFO 2518 --- [testS3] [main] .s.d.r.c.RepositoryConfigurationDelegate : Bootstrapping Spring Data JPA repositories in DEFAULT mode.
2026-04-15T13:06:02.176-03:00 DEBUG 2518 --- [testS3] [main] .s.d.r.c.RepositoryConfigurationDelegate : Scanning for JPA repositories in packages com.example.testS3.
2026-04-15T13:06:02.183-03:00 DEBUG 2518 --- [testS3] [main] o.s.d.r.c.RepositoryComponentProvider    : Identified candidate component class: file [/home/rafael/projetos/testS3/testS3/target/classes/com/example/testS3/repository/DocumentRepository.class]
2026-04-15T13:06:02.206-03:00  INFO 2518 --- [testS3] [main] .s.d.r.c.RepositoryConfigurationDelegate : Finished Spring Data repository scanning in 29 ms. Found 1 JPA repository interface.
2026-04-15T13:06:02.721-03:00  INFO 2518 --- [testS3] [main] o.s.boot.tomcat.TomcatWebServer          : Tomcat initialized with port 8080 (http)
2026-04-15T13:06:02.734-03:00  INFO 2518 --- [testS3] [main] o.apache.catalina.core.StandardService   : Starting service [Tomcat]
2026-04-15T13:06:02.734-03:00  INFO 2518 --- [testS3] [main] o.apache.catalina.core.StandardEngine    : Starting Servlet engine: [Apache Tomcat/11.0.20]
2026-04-15T13:06:02.777-03:00  INFO 2518 --- [testS3] [main] b.w.c.s.WebApplicationContextInitializer : Root WebApplicationContext: initialization completed in 1380 ms
2026-04-15T13:06:03.016-03:00  INFO 2518 --- [testS3] [main] com.zaxxer.hikari.HikariDataSource       : HikariPool-1 - Starting...
2026-04-15T13:06:03.089-03:00  INFO 2518 --- [testS3] [main] com.zaxxer.hikari.pool.HikariPool        : HikariPool-1 - Added connection org.postgresql.jdbc.PgConnection@5e9bf744
2026-04-15T13:06:03.090-03:00  INFO 2518 --- [testS3] [main] com.zaxxer.hikari.HikariDataSource       : HikariPool-1 - Start completed.
2026-04-15T13:06:03.111-03:00  INFO 2518 --- [testS3] [main] org.flywaydb.core.FlywayExecutor         : Database: jdbc:postgresql://localhost:5432/tests3 (PostgreSQL 18.3)
2026-04-15T13:06:03.162-03:00  INFO 2518 --- [testS3] [main] o.f.core.internal.command.DbValidate     : Successfully validated 1 migration (execution time 00:00.025s)
2026-04-15T13:06:03.184-03:00  INFO 2518 --- [testS3] [main] o.f.core.internal.command.DbMigrate      : Current version of schema "public": 1
2026-04-15T13:06:03.187-03:00  INFO 2518 --- [testS3] [main] o.f.core.internal.command.DbMigrate      : Schema "public" is up to date. No migration necessary.
2026-04-15T13:06:03.286-03:00  INFO 2518 --- [testS3] [main] org.hibernate.orm.jpa                    : HHH008540: Processing PersistenceUnitInfo [name: default]
2026-04-15T13:06:03.358-03:00  INFO 2518 --- [testS3] [main] org.hibernate.orm.core                   : HHH000001: Hibernate ORM core version 7.2.7.Final
2026-04-15T13:06:03.788-03:00  INFO 2518 --- [testS3] [main] o.s.o.j.p.SpringPersistenceUnitInfo      : No LoadTimeWeaver setup: ignoring JPA class transformer
2026-04-15T13:06:03.828-03:00  WARN 2518 --- [testS3] [main] org.hibernate.orm.deprecation            : HHH90000025: PostgreSQLDialect does not need to be specified explicitly using 'hibernate.dialect' (remove the property setting and it will be selected by default)
2026-04-15T13:06:03.839-03:00  INFO 2518 --- [testS3] [main] org.hibernate.orm.connections.pooling    : HHH10001005: Database info:
	Database JDBC URL [jdbc:postgresql://localhost:5432/tests3]
	Database driver: PostgreSQL JDBC Driver
	Database dialect: PostgreSQLDialect
	Database version: 18.3
	Default catalog/schema: tests3/public
	Autocommit mode: undefined/unknown
	Isolation level: READ_COMMITTED [default READ_COMMITTED]
	JDBC fetch size: none
	Pool: DataSourceConnectionProvider
	Minimum pool size: undefined/unknown
	Maximum pool size: undefined/unknown
2026-04-15T13:06:04.501-03:00  INFO 2518 --- [testS3] [main] org.hibernate.orm.core                   : HHH000489: No JTA platform available (set 'hibernate.transaction.jta.platform' to enable JTA platform integration)
2026-04-15T13:06:04.523-03:00  INFO 2518 --- [testS3] [main] j.LocalContainerEntityManagerFactoryBean : Initialized JPA EntityManagerFactory for persistence unit 'default'
2026-04-15T13:06:04.556-03:00 DEBUG 2518 --- [testS3] [main] .c.JpaMetamodelMappingContextFactoryBean : Initializing JpaMetamodelMappingContext…
2026-04-15T13:06:04.572-03:00 DEBUG 2518 --- [testS3] [main] .c.JpaMetamodelMappingContextFactoryBean : Finished initializing JpaMetamodelMappingContext
2026-04-15T13:06:04.596-03:00  INFO 2518 --- [testS3] [main] o.s.d.j.r.query.QueryEnhancerFactories   : Hibernate is in classpath; If applicable, HQL parser will be used.
2026-04-15T13:06:04.638-03:00 DEBUG 2518 --- [testS3] [main] o.s.d.r.c.s.RepositoryFactorySupport     : Initializing repository instance for com.example.testS3.repository.DocumentRepository…
2026-04-15T13:06:04.686-03:00 DEBUG 2518 --- [testS3] [main] o.s.d.jpa.repository.query.NamedQuery    : Looking up named query 'Document.findByS3Key'
2026-04-15T13:06:04.726-03:00 DEBUG 2518 --- [testS3] [main] o.s.d.jpa.repository.query.NamedQuery    : Did not find named query Document.findByS3Key
2026-04-15T13:06:04.746-03:00 DEBUG 2518 --- [testS3] [main] o.s.d.jpa.repository.query.NamedQuery    : Looking up named query 'Document.existsByS3Key'
2026-04-15T13:06:04.747-03:00 DEBUG 2518 --- [testS3] [main] o.s.d.jpa.repository.query.NamedQuery    : Did not find named query Document.existsByS3Key
2026-04-15T13:06:04.751-03:00 DEBUG 2518 --- [testS3] [main] o.s.d.r.c.s.RepositoryFactorySupport     : Finished creation of repository instance for com.example.testS3.repository.DocumentRepository.
2026-04-15T13:06:04.760-03:00  INFO 2518 --- [testS3] [main] com.example.testS3.config.AwsS3Config    : Inicializando cliente S3 para região: sa-east-1
2026-04-15T13:06:04.761-03:00  WARN 2518 --- [testS3] [main] com.example.testS3.config.AwsS3Config    : Utilizando credenciais estáticas. Em produção, use IAM Roles!
2026-04-15T13:06:05.161-03:00  INFO 2518 --- [testS3] [main] com.example.testS3.config.AwsS3Config    : Cliente S3 inicializado com sucesso
2026-04-15T13:06:05.300-03:00  WARN 2518 --- [testS3] [main] JpaBaseConfiguration$JpaWebConfiguration : spring.jpa.open-in-view is enabled by default. Therefore, database queries may be performed during view rendering. Explicitly configure spring.jpa.open-in-view to disable this warning
2026-04-15T13:06:05.695-03:00  INFO 2518 --- [testS3] [main] o.s.boot.tomcat.TomcatWebServer          : Tomcat started on port 8080 (http) with context path '/'
2026-04-15T13:06:05.701-03:00  INFO 2518 --- [testS3] [main] com.example.testS3.TestS3Application     : Started TestS3Application in 4.855 seconds (process running for 5.486)
2026-04-15T13:06:05.705-03:00  INFO 2518 --- [testS3] [main] com.example.testS3.TestS3Application     : ========================================
2026-04-15T13:06:05.706-03:00  INFO 2518 --- [testS3] [main] com.example.testS3.TestS3Application     : TestS3 Application iniciado com sucesso!
2026-04-15T13:06:05.706-03:00  INFO 2518 --- [testS3] [main] com.example.testS3.TestS3Application     : Acesse a documentação em: http://localhost:8080/swagger-ui.html
2026-04-15T13:06:05.706-03:00  INFO 2518 --- [testS3] [main] com.example.testS3.TestS3Application     : H2 Console: http://localhost:8080/h2-console
2026-04-15T13:06:05.706-03:00  INFO 2518 --- [testS3] [main] com.example.testS3.TestS3Application     : ========================================
2026-04-15T13:06:57.272-03:00  INFO 2518 --- [testS3] [http-nio-8080-exec-1] o.a.c.c.C.[Tomcat].[localhost].[/]       : Initializing Spring DispatcherServlet 'dispatcherServlet'
2026-04-15T13:06:57.272-03:00  INFO 2518 --- [testS3] [http-nio-8080-exec-1] o.s.web.servlet.DispatcherServlet        : Initializing Servlet 'dispatcherServlet'
2026-04-15T13:06:57.275-03:00  INFO 2518 --- [testS3] [http-nio-8080-exec-1] o.s.web.servlet.DispatcherServlet        : Completed initialization in 2 ms
2026-04-15T13:06:57.803-03:00  INFO 2518 --- [testS3] [http-nio-8080-exec-4] o.springdoc.api.AbstractOpenApiResource  : Init duration for springdoc-openapi is: 276 ms
2026-04-15T13:11:25.956-03:00  INFO 2518 --- [testS3] [SpringApplicationShutdownHook] o.s.boot.tomcat.GracefulShutdown         : Commencing graceful shutdown. Waiting for active requests to complete
2026-04-15T13:11:25.959-03:00  INFO 2518 --- [testS3] [tomcat-shutdown] o.s.boot.tomcat.GracefulShutdown         : Graceful shutdown complete
2026-04-15T13:11:25.963-03:00  INFO 2518 --- [testS3] [SpringApplicationShutdownHook] j.LocalContainerEntityManagerFactoryBean : Closing JPA EntityManagerFactory for persistence unit 'default'
2026-04-15T13:11:25.966-03:00  INFO 2518 --- [testS3] [SpringApplicationShutdownHook] com.zaxxer.hikari.HikariDataSource       : HikariPool-1 - Shutdown initiated...
2026-04-15T13:11:25.969-03:00  INFO 2518 --- [testS3] [SpringApplicationShutdownHook] com.zaxxer.hikari.HikariDataSource       : HikariPool-1 - Shutdown completed.
